Timing Analyzer report for RegisterFile
Sat Dec  9 16:33:33 2023
Quartus Prime Version 22.1std.0 Build 915 10/25/2022 SC Lite Edition


---------------------
; Table of Contents ;
---------------------
  1. Legal Notice
  2. Timing Analyzer Summary
  3. Parallel Compilation
  4. SDC File List
  5. Clocks
  6. Fmax Summary
  7. Setup Summary
  8. Hold Summary
  9. Recovery Summary
 10. Removal Summary
 11. Minimum Pulse Width Summary
 12. Setup: 'clk'
 13. Hold: 'clk'
 14. Setup Transfers
 15. Hold Transfers
 16. Report TCCS
 17. Report RSKM
 18. Unconstrained Paths Summary
 19. Clock Status Summary
 20. Unconstrained Input Ports
 21. Unconstrained Output Ports
 22. Unconstrained Input Ports
 23. Unconstrained Output Ports
 24. Timing Analyzer Messages



----------------
; Legal Notice ;
----------------
Copyright (C) 2022  Intel Corporation. All rights reserved.
Your use of Intel Corporation's design tools, logic functions 
and other software and tools, and any partner logic 
functions, and any output files from any of the foregoing 
(including device programming or simulation files), and any 
associated documentation or information are expressly subject 
to the terms and conditions of the Intel Program License 
Subscription Agreement, the Intel Quartus Prime License Agreement,
the Intel FPGA IP License Agreement, or other applicable license
agreement, including, without limitation, that your use is for
the sole purpose of programming logic devices manufactured by
Intel and sold by Intel or its authorized distributors.  Please
refer to the applicable agreement for further details, at
https://fpgasoftware.intel.com/eula.



+--------------------------------------------------------------------------------+
; Timing Analyzer Summary                                                        ;
+-----------------------+--------------------------------------------------------+
; Quartus Prime Version ; Version 22.1std.0 Build 915 10/25/2022 SC Lite Edition ;
; Timing Analyzer       ; Legacy Timing Analyzer                                 ;
; Revision Name         ; RegisterFile                                           ;
; Device Family         ; MAX II                                                 ;
; Device Name           ; EPM2210F324C5                                          ;
; Timing Models         ; Final                                                  ;
; Delay Model           ; Slow Model                                             ;
; Rise/Fall Delays      ; Unavailable                                            ;
+-----------------------+--------------------------------------------------------+


+------------------------------------------+
; Parallel Compilation                     ;
+----------------------------+-------------+
; Processors                 ; Number      ;
+----------------------------+-------------+
; Number detected on machine ; 12          ;
; Maximum allowed            ; 12          ;
;                            ;             ;
; Average used               ; 1.00        ;
; Maximum used               ; 1           ;
;                            ;             ;
; Usage by Processor         ; % Time Used ;
;     Processor 1            ; 100.0%      ;
+----------------------------+-------------+


+----------------------------------------------------------+
; SDC File List                                            ;
+----------------------+--------+--------------------------+
; SDC File Path        ; Status ; Read at                  ;
+----------------------+--------+--------------------------+
; RegisterFile.out.sdc ; OK     ; Sat Dec  9 16:33:33 2023 ;
+----------------------+--------+--------------------------+


+---------------------------------------------------------------------------------------------------------------------------------------------------------------------------------+
; Clocks                                                                                                                                                                          ;
+------------+------+--------+-----------+-------+--------+------------+-----------+-------------+-------+--------+-----------+------------+----------+--------+--------+---------+
; Clock Name ; Type ; Period ; Frequency ; Rise  ; Fall   ; Duty Cycle ; Divide by ; Multiply by ; Phase ; Offset ; Edge List ; Edge Shift ; Inverted ; Master ; Source ; Targets ;
+------------+------+--------+-----------+-------+--------+------------+-----------+-------------+-------+--------+-----------+------------+----------+--------+--------+---------+
; clk        ; Base ; 25.000 ; 40.0 MHz  ; 0.000 ; 12.500 ;            ;           ;             ;       ;        ;           ;            ;          ;        ;        ; { clk } ;
+------------+------+--------+-----------+-------+--------+------------+-----------+-------------+-------+--------+-----------+------------+----------+--------+--------+---------+


+-------------------------------------------------+
; Fmax Summary                                    ;
+-----------+-----------------+------------+------+
; Fmax      ; Restricted Fmax ; Clock Name ; Note ;
+-----------+-----------------+------------+------+
; 67.73 MHz ; 67.73 MHz       ; clk        ;      ;
+-----------+-----------------+------------+------+
This panel reports FMAX for every clock in the design, regardless of the user-specified clock periods.  FMAX is only computed for paths where the source and destination registers or ports are driven by the same clock.  Paths of different clocks, including generated clocks, are ignored.  For paths between a clock and its inversion, FMAX is computed as if the rising and falling edges are scaled along with FMAX, such that the duty cycle (in terms of a percentage) is maintained. Altera recommends that you always use clock constraints and other slack reports for sign-off analysis.


+--------------------------------+
; Setup Summary                  ;
+-------+--------+---------------+
; Clock ; Slack  ; End Point TNS ;
+-------+--------+---------------+
; clk   ; 10.236 ; 0.000         ;
+-------+--------+---------------+


+-------------------------------+
; Hold Summary                  ;
+-------+-------+---------------+
; Clock ; Slack ; End Point TNS ;
+-------+-------+---------------+
; clk   ; 1.640 ; 0.000         ;
+-------+-------+---------------+


--------------------
; Recovery Summary ;
--------------------
No paths to report.


-------------------
; Removal Summary ;
-------------------
No paths to report.


+--------------------------------+
; Minimum Pulse Width Summary    ;
+-------+--------+---------------+
; Clock ; Slack  ; End Point TNS ;
+-------+--------+---------------+
; clk   ; 12.234 ; 0.000         ;
+-------+--------+---------------+


+-------------------------------------------------------------------------------------------------------------------+
; Setup: 'clk'                                                                                                      ;
+--------+-------------------+----------------+--------------+-------------+--------------+------------+------------+
; Slack  ; From Node         ; To Node        ; Launch Clock ; Latch Clock ; Relationship ; Clock Skew ; Data Delay ;
+--------+-------------------+----------------+--------------+-------------+--------------+------------+------------+
; 10.236 ; array_reg[0][15]  ; ReadData_r[15] ; clk          ; clk         ; 25.000       ; 0.000      ; 14.431     ;
; 10.586 ; array_reg[10][15] ; ReadData_r[15] ; clk          ; clk         ; 25.000       ; 0.000      ; 14.081     ;
; 10.761 ; array_reg[0][24]  ; ReadData_r[24] ; clk          ; clk         ; 25.000       ; 0.000      ; 13.906     ;
; 10.775 ; array_reg[2][15]  ; ReadData_r[15] ; clk          ; clk         ; 25.000       ; 0.000      ; 13.892     ;
; 10.911 ; array_reg[8][15]  ; ReadData_r[15] ; clk          ; clk         ; 25.000       ; 0.000      ; 13.756     ;
; 11.021 ; array_reg[0][7]   ; ReadData_r[7]  ; clk          ; clk         ; 25.000       ; 0.000      ; 13.646     ;
; 11.066 ; array_reg[1][26]  ; ReadData_r[26] ; clk          ; clk         ; 25.000       ; 0.000      ; 13.601     ;
; 11.292 ; array_reg[0][22]  ; ReadData_r[22] ; clk          ; clk         ; 25.000       ; 0.000      ; 13.375     ;
; 11.344 ; array_reg[2][1]   ; ReadData_r[1]  ; clk          ; clk         ; 25.000       ; 0.000      ; 13.323     ;
; 11.344 ; array_reg[8][23]  ; ReadData_r[23] ; clk          ; clk         ; 25.000       ; 0.000      ; 13.323     ;
; 11.467 ; array_reg[1][0]   ; ReadData_r[0]  ; clk          ; clk         ; 25.000       ; 0.000      ; 13.200     ;
; 11.557 ; array_reg[0][20]  ; ReadData_r[20] ; clk          ; clk         ; 25.000       ; 0.000      ; 13.110     ;
; 11.567 ; array_reg[0][5]   ; ReadData_r[5]  ; clk          ; clk         ; 25.000       ; 0.000      ; 13.100     ;
; 11.608 ; array_reg[0][1]   ; ReadData_r[1]  ; clk          ; clk         ; 25.000       ; 0.000      ; 13.059     ;
; 11.635 ; array_reg[21][14] ; ReadData_r[14] ; clk          ; clk         ; 25.000       ; 0.000      ; 13.032     ;
; 11.663 ; array_reg[8][29]  ; ReadData_r[29] ; clk          ; clk         ; 25.000       ; 0.000      ; 13.004     ;
; 11.683 ; array_reg[23][4]  ; ReadData_r[4]  ; clk          ; clk         ; 25.000       ; 0.000      ; 12.984     ;
; 11.737 ; array_reg[0][0]   ; ReadData_r[0]  ; clk          ; clk         ; 25.000       ; 0.000      ; 12.930     ;
; 11.826 ; array_reg[10][29] ; ReadData_r[29] ; clk          ; clk         ; 25.000       ; 0.000      ; 12.841     ;
; 11.835 ; array_reg[16][31] ; ReadData_r[31] ; clk          ; clk         ; 25.000       ; 0.000      ; 12.832     ;
; 11.859 ; array_reg[10][1]  ; ReadData_r[1]  ; clk          ; clk         ; 25.000       ; 0.000      ; 12.808     ;
; 11.867 ; array_reg[29][14] ; ReadData_r[14] ; clk          ; clk         ; 25.000       ; 0.000      ; 12.800     ;
; 11.893 ; array_reg[8][21]  ; ReadData_r[21] ; clk          ; clk         ; 25.000       ; 0.000      ; 12.774     ;
; 11.911 ; array_reg[24][16] ; ReadData_r[16] ; clk          ; clk         ; 25.000       ; 0.000      ; 12.756     ;
; 11.981 ; array_reg[3][15]  ; ReadData_r[15] ; clk          ; clk         ; 25.000       ; 0.000      ; 12.686     ;
; 11.986 ; array_reg[0][21]  ; ReadData_r[21] ; clk          ; clk         ; 25.000       ; 0.000      ; 12.681     ;
; 12.047 ; array_reg[8][1]   ; ReadData_r[1]  ; clk          ; clk         ; 25.000       ; 0.000      ; 12.620     ;
; 12.058 ; array_reg[2][5]   ; ReadData_r[5]  ; clk          ; clk         ; 25.000       ; 0.000      ; 12.609     ;
; 12.059 ; array_reg[17][14] ; ReadData_r[14] ; clk          ; clk         ; 25.000       ; 0.000      ; 12.608     ;
; 12.181 ; array_reg[16][19] ; ReadData_r[19] ; clk          ; clk         ; 25.000       ; 0.000      ; 12.486     ;
; 12.181 ; array_reg[1][24]  ; ReadData_r[24] ; clk          ; clk         ; 25.000       ; 0.000      ; 12.486     ;
; 12.201 ; array_reg[22][31] ; ReadData_r[31] ; clk          ; clk         ; 25.000       ; 0.000      ; 12.466     ;
; 12.212 ; array_reg[1][8]   ; ReadData_r[8]  ; clk          ; clk         ; 25.000       ; 0.000      ; 12.455     ;
; 12.222 ; array_reg[1][22]  ; ReadData_r[22] ; clk          ; clk         ; 25.000       ; 0.000      ; 12.445     ;
; 12.242 ; array_reg[8][31]  ; ReadData_r[31] ; clk          ; clk         ; 25.000       ; 0.000      ; 12.425     ;
; 12.246 ; array_reg[0][9]   ; ReadData_r[9]  ; clk          ; clk         ; 25.000       ; 0.000      ; 12.421     ;
; 12.313 ; array_reg[0][27]  ; ReadData_r[27] ; clk          ; clk         ; 25.000       ; 0.000      ; 12.354     ;
; 12.351 ; array_reg[16][29] ; ReadData_r[29] ; clk          ; clk         ; 25.000       ; 0.000      ; 12.316     ;
; 12.383 ; array_reg[19][4]  ; ReadData_r[4]  ; clk          ; clk         ; 25.000       ; 0.000      ; 12.284     ;
; 12.386 ; array_reg[14][12] ; ReadData_r[12] ; clk          ; clk         ; 25.000       ; 0.000      ; 12.281     ;
; 12.406 ; array_reg[2][9]   ; ReadData_r[9]  ; clk          ; clk         ; 25.000       ; 0.000      ; 12.261     ;
; 12.439 ; array_reg[10][31] ; ReadData_r[31] ; clk          ; clk         ; 25.000       ; 0.000      ; 12.228     ;
; 12.445 ; array_reg[16][16] ; ReadData_r[16] ; clk          ; clk         ; 25.000       ; 0.000      ; 12.222     ;
; 12.501 ; array_reg[4][4]   ; ReadData_r[4]  ; clk          ; clk         ; 25.000       ; 0.000      ; 12.166     ;
; 12.506 ; array_reg[2][21]  ; ReadData_r[21] ; clk          ; clk         ; 25.000       ; 0.000      ; 12.161     ;
; 12.530 ; array_reg[20][31] ; ReadData_r[31] ; clk          ; clk         ; 25.000       ; 0.000      ; 12.137     ;
; 12.545 ; array_reg[12][12] ; ReadData_r[12] ; clk          ; clk         ; 25.000       ; 0.000      ; 12.122     ;
; 12.561 ; array_reg[1][15]  ; ReadData_r[15] ; clk          ; clk         ; 25.000       ; 0.000      ; 12.106     ;
; 12.562 ; array_reg[13][1]  ; ReadData_r[1]  ; clk          ; clk         ; 25.000       ; 0.000      ; 12.105     ;
; 12.580 ; array_reg[1][20]  ; ReadData_r[20] ; clk          ; clk         ; 25.000       ; 0.000      ; 12.087     ;
; 12.583 ; array_reg[2][7]   ; ReadData_r[7]  ; clk          ; clk         ; 25.000       ; 0.000      ; 12.084     ;
; 12.589 ; array_reg[18][19] ; ReadData_r[19] ; clk          ; clk         ; 25.000       ; 0.000      ; 12.078     ;
; 12.602 ; array_reg[26][14] ; ReadData_r[14] ; clk          ; clk         ; 25.000       ; 0.000      ; 12.065     ;
; 12.631 ; array_reg[0][25]  ; ReadData_r[25] ; clk          ; clk         ; 25.000       ; 0.000      ; 12.036     ;
; 12.640 ; array_reg[18][5]  ; ReadData_r[5]  ; clk          ; clk         ; 25.000       ; 0.000      ; 12.027     ;
; 12.640 ; array_reg[6][4]   ; ReadData_r[4]  ; clk          ; clk         ; 25.000       ; 0.000      ; 12.027     ;
; 12.671 ; array_reg[1][25]  ; ReadData_r[25] ; clk          ; clk         ; 25.000       ; 0.000      ; 11.996     ;
; 12.689 ; array_reg[12][25] ; ReadData_r[25] ; clk          ; clk         ; 25.000       ; 0.000      ; 11.978     ;
; 12.693 ; array_reg[2][31]  ; ReadData_r[31] ; clk          ; clk         ; 25.000       ; 0.000      ; 11.974     ;
; 12.717 ; array_reg[20][19] ; ReadData_r[19] ; clk          ; clk         ; 25.000       ; 0.000      ; 11.950     ;
; 12.723 ; array_reg[0][26]  ; ReadData_r[26] ; clk          ; clk         ; 25.000       ; 0.000      ; 11.944     ;
; 12.726 ; array_reg[0][12]  ; ReadData_r[12] ; clk          ; clk         ; 25.000       ; 0.000      ; 11.941     ;
; 12.744 ; array_reg[18][31] ; ReadData_r[31] ; clk          ; clk         ; 25.000       ; 0.000      ; 11.923     ;
; 12.756 ; array_reg[0][10]  ; ReadData_r[10] ; clk          ; clk         ; 25.000       ; 0.000      ; 11.911     ;
; 12.758 ; array_reg[0][8]   ; ReadData_r[8]  ; clk          ; clk         ; 25.000       ; 0.000      ; 11.909     ;
; 12.766 ; array_reg[5][15]  ; ReadData_r[15] ; clk          ; clk         ; 25.000       ; 0.000      ; 11.901     ;
; 12.768 ; array_reg[4][12]  ; ReadData_r[12] ; clk          ; clk         ; 25.000       ; 0.000      ; 11.899     ;
; 12.782 ; array_reg[14][1]  ; ReadData_r[1]  ; clk          ; clk         ; 25.000       ; 0.000      ; 11.885     ;
; 12.814 ; array_reg[10][21] ; ReadData_r[21] ; clk          ; clk         ; 25.000       ; 0.000      ; 11.853     ;
; 12.817 ; array_reg[23][14] ; ReadData_r[14] ; clk          ; clk         ; 25.000       ; 0.000      ; 11.850     ;
; 12.857 ; array_reg[4][26]  ; ReadData_r[26] ; clk          ; clk         ; 25.000       ; 0.000      ; 11.810     ;
; 12.862 ; array_reg[13][23] ; ReadData_r[23] ; clk          ; clk         ; 25.000       ; 0.000      ; 11.805     ;
; 12.865 ; array_reg[10][3]  ; ReadData_r[3]  ; clk          ; clk         ; 25.000       ; 0.000      ; 11.802     ;
; 12.865 ; array_reg[8][25]  ; ReadData_r[25] ; clk          ; clk         ; 25.000       ; 0.000      ; 11.802     ;
; 12.894 ; array_reg[9][15]  ; ReadData_r[15] ; clk          ; clk         ; 25.000       ; 0.000      ; 11.773     ;
; 12.944 ; array_reg[22][11] ; ReadData_r[11] ; clk          ; clk         ; 25.000       ; 0.000      ; 11.723     ;
; 12.948 ; array_reg[18][11] ; ReadData_r[11] ; clk          ; clk         ; 25.000       ; 0.000      ; 11.719     ;
; 12.953 ; array_reg[6][12]  ; ReadData_r[12] ; clk          ; clk         ; 25.000       ; 0.000      ; 11.714     ;
; 12.983 ; array_reg[22][5]  ; ReadData_r[5]  ; clk          ; clk         ; 25.000       ; 0.000      ; 11.684     ;
; 13.008 ; array_reg[0][29]  ; ReadData_r[29] ; clk          ; clk         ; 25.000       ; 0.000      ; 11.659     ;
; 13.026 ; array_reg[1][1]   ; ReadData_r[1]  ; clk          ; clk         ; 25.000       ; 0.000      ; 11.641     ;
; 13.031 ; array_reg[3][22]  ; ReadData_r[22] ; clk          ; clk         ; 25.000       ; 0.000      ; 11.636     ;
; 13.038 ; array_reg[10][25] ; ReadData_r[25] ; clk          ; clk         ; 25.000       ; 0.000      ; 11.629     ;
; 13.068 ; array_reg[1][9]   ; ReadData_r[9]  ; clk          ; clk         ; 25.000       ; 0.000      ; 11.599     ;
; 13.070 ; array_reg[20][14] ; ReadData_r[14] ; clk          ; clk         ; 25.000       ; 0.000      ; 11.597     ;
; 13.080 ; array_reg[12][1]  ; ReadData_r[1]  ; clk          ; clk         ; 25.000       ; 0.000      ; 11.587     ;
; 13.095 ; array_reg[0][18]  ; ReadData_r[18] ; clk          ; clk         ; 25.000       ; 0.000      ; 11.572     ;
; 13.104 ; array_reg[0][19]  ; ReadData_r[19] ; clk          ; clk         ; 25.000       ; 0.000      ; 11.563     ;
; 13.109 ; array_reg[24][19] ; ReadData_r[19] ; clk          ; clk         ; 25.000       ; 0.000      ; 11.558     ;
; 13.111 ; array_reg[0][17]  ; ReadData_r[17] ; clk          ; clk         ; 25.000       ; 0.000      ; 11.556     ;
; 13.119 ; array_reg[4][15]  ; ReadData_r[15] ; clk          ; clk         ; 25.000       ; 0.000      ; 11.548     ;
; 13.129 ; array_reg[26][5]  ; ReadData_r[5]  ; clk          ; clk         ; 25.000       ; 0.000      ; 11.538     ;
; 13.135 ; array_reg[18][14] ; ReadData_r[14] ; clk          ; clk         ; 25.000       ; 0.000      ; 11.532     ;
; 13.140 ; array_reg[12][18] ; ReadData_r[18] ; clk          ; clk         ; 25.000       ; 0.000      ; 11.527     ;
; 13.158 ; array_reg[20][5]  ; ReadData_r[5]  ; clk          ; clk         ; 25.000       ; 0.000      ; 11.509     ;
; 13.167 ; array_reg[21][28] ; ReadData_r[28] ; clk          ; clk         ; 25.000       ; 0.000      ; 11.500     ;
; 13.174 ; array_reg[4][17]  ; ReadData_r[17] ; clk          ; clk         ; 25.000       ; 0.000      ; 11.493     ;
; 13.176 ; array_reg[1][12]  ; ReadData_r[12] ; clk          ; clk         ; 25.000       ; 0.000      ; 11.491     ;
; 13.190 ; array_reg[12][22] ; ReadData_r[22] ; clk          ; clk         ; 25.000       ; 0.000      ; 11.477     ;
; 13.223 ; array_reg[13][25] ; ReadData_r[25] ; clk          ; clk         ; 25.000       ; 0.000      ; 11.444     ;
+--------+-------------------+----------------+--------------+-------------+--------------+------------+------------+


+-----------------------------------------------------------------------------------------------------------------------------+
; Hold: 'clk'                                                                                                                 ;
+-------+-------------------+---------------------------+--------------+-------------+--------------+------------+------------+
; Slack ; From Node         ; To Node                   ; Launch Clock ; Latch Clock ; Relationship ; Clock Skew ; Data Delay ;
+-------+-------------------+---------------------------+--------------+-------------+--------------+------------+------------+
; 1.640 ; array_reg[3][20]  ; TimerCountRegister_r[20]  ; clk          ; clk         ; 0.000        ; 0.000      ; 1.861      ;
; 1.641 ; array_reg[0][23]  ; AccumulatorRegister_r[23] ; clk          ; clk         ; 0.000        ; 0.000      ; 1.862      ;
; 1.644 ; array_reg[0][19]  ; AccumulatorRegister_r[19] ; clk          ; clk         ; 0.000        ; 0.000      ; 1.865      ;
; 1.644 ; array_reg[0][22]  ; AccumulatorRegister_r[22] ; clk          ; clk         ; 0.000        ; 0.000      ; 1.865      ;
; 1.645 ; array_reg[0][11]  ; AccumulatorRegister_r[11] ; clk          ; clk         ; 0.000        ; 0.000      ; 1.866      ;
; 1.645 ; array_reg[0][18]  ; AccumulatorRegister_r[18] ; clk          ; clk         ; 0.000        ; 0.000      ; 1.866      ;
; 1.645 ; array_reg[1][25]  ; DataRegister_r[25]        ; clk          ; clk         ; 0.000        ; 0.000      ; 1.866      ;
; 1.650 ; array_reg[1][27]  ; DataRegister_r[27]        ; clk          ; clk         ; 0.000        ; 0.000      ; 1.871      ;
; 1.652 ; array_reg[0][13]  ; AccumulatorRegister_r[13] ; clk          ; clk         ; 0.000        ; 0.000      ; 1.873      ;
; 1.653 ; array_reg[0][17]  ; AccumulatorRegister_r[17] ; clk          ; clk         ; 0.000        ; 0.000      ; 1.874      ;
; 1.654 ; array_reg[0][6]   ; AccumulatorRegister_r[6]  ; clk          ; clk         ; 0.000        ; 0.000      ; 1.875      ;
; 1.659 ; array_reg[0][2]   ; AccumulatorRegister_r[2]  ; clk          ; clk         ; 0.000        ; 0.000      ; 1.880      ;
; 1.659 ; array_reg[0][29]  ; AccumulatorRegister_r[29] ; clk          ; clk         ; 0.000        ; 0.000      ; 1.880      ;
; 1.662 ; array_reg[1][24]  ; DataRegister_r[24]        ; clk          ; clk         ; 0.000        ; 0.000      ; 1.883      ;
; 1.664 ; array_reg[0][8]   ; AccumulatorRegister_r[8]  ; clk          ; clk         ; 0.000        ; 0.000      ; 1.885      ;
; 1.665 ; array_reg[0][30]  ; AccumulatorRegister_r[30] ; clk          ; clk         ; 0.000        ; 0.000      ; 1.886      ;
; 1.666 ; array_reg[0][26]  ; AccumulatorRegister_r[26] ; clk          ; clk         ; 0.000        ; 0.000      ; 1.887      ;
; 1.670 ; array_reg[1][18]  ; DataRegister_r[18]        ; clk          ; clk         ; 0.000        ; 0.000      ; 1.891      ;
; 1.900 ; array_reg[0][16]  ; AccumulatorRegister_r[16] ; clk          ; clk         ; 0.000        ; 0.000      ; 2.121      ;
; 1.900 ; array_reg[0][20]  ; AccumulatorRegister_r[20] ; clk          ; clk         ; 0.000        ; 0.000      ; 2.121      ;
; 1.902 ; array_reg[3][22]  ; TimerCountRegister_r[22]  ; clk          ; clk         ; 0.000        ; 0.000      ; 2.123      ;
; 1.903 ; array_reg[3][14]  ; TimerCountRegister_r[14]  ; clk          ; clk         ; 0.000        ; 0.000      ; 2.124      ;
; 1.903 ; array_reg[0][25]  ; AccumulatorRegister_r[25] ; clk          ; clk         ; 0.000        ; 0.000      ; 2.124      ;
; 1.904 ; array_reg[1][19]  ; DataRegister_r[19]        ; clk          ; clk         ; 0.000        ; 0.000      ; 2.125      ;
; 1.904 ; array_reg[1][21]  ; DataRegister_r[21]        ; clk          ; clk         ; 0.000        ; 0.000      ; 2.125      ;
; 1.904 ; array_reg[1][28]  ; DataRegister_r[28]        ; clk          ; clk         ; 0.000        ; 0.000      ; 2.125      ;
; 1.905 ; array_reg[3][17]  ; TimerCountRegister_r[17]  ; clk          ; clk         ; 0.000        ; 0.000      ; 2.126      ;
; 1.905 ; array_reg[3][18]  ; TimerCountRegister_r[18]  ; clk          ; clk         ; 0.000        ; 0.000      ; 2.126      ;
; 1.905 ; array_reg[0][12]  ; AccumulatorRegister_r[12] ; clk          ; clk         ; 0.000        ; 0.000      ; 2.126      ;
; 1.905 ; array_reg[0][14]  ; AccumulatorRegister_r[14] ; clk          ; clk         ; 0.000        ; 0.000      ; 2.126      ;
; 1.905 ; array_reg[0][15]  ; AccumulatorRegister_r[15] ; clk          ; clk         ; 0.000        ; 0.000      ; 2.126      ;
; 1.909 ; array_reg[3][24]  ; TimerCountRegister_r[24]  ; clk          ; clk         ; 0.000        ; 0.000      ; 2.130      ;
; 1.910 ; array_reg[1][17]  ; DataRegister_r[17]        ; clk          ; clk         ; 0.000        ; 0.000      ; 2.131      ;
; 1.912 ; array_reg[3][23]  ; TimerCountRegister_r[23]  ; clk          ; clk         ; 0.000        ; 0.000      ; 2.133      ;
; 1.914 ; array_reg[1][30]  ; DataRegister_r[30]        ; clk          ; clk         ; 0.000        ; 0.000      ; 2.135      ;
; 1.916 ; array_reg[2][2]   ; BaseRegister_r[2]         ; clk          ; clk         ; 0.000        ; 0.000      ; 2.137      ;
; 1.919 ; array_reg[0][28]  ; AccumulatorRegister_r[28] ; clk          ; clk         ; 0.000        ; 0.000      ; 2.140      ;
; 1.919 ; array_reg[1][23]  ; DataRegister_r[23]        ; clk          ; clk         ; 0.000        ; 0.000      ; 2.140      ;
; 1.921 ; array_reg[3][25]  ; TimerCountRegister_r[25]  ; clk          ; clk         ; 0.000        ; 0.000      ; 2.142      ;
; 1.921 ; array_reg[0][3]   ; AccumulatorRegister_r[3]  ; clk          ; clk         ; 0.000        ; 0.000      ; 2.142      ;
; 1.926 ; array_reg[3][15]  ; TimerCountRegister_r[15]  ; clk          ; clk         ; 0.000        ; 0.000      ; 2.147      ;
; 1.926 ; array_reg[1][16]  ; DataRegister_r[16]        ; clk          ; clk         ; 0.000        ; 0.000      ; 2.147      ;
; 1.930 ; array_reg[1][20]  ; DataRegister_r[20]        ; clk          ; clk         ; 0.000        ; 0.000      ; 2.151      ;
; 2.033 ; array_reg[1][22]  ; DataRegister_r[22]        ; clk          ; clk         ; 0.000        ; 0.000      ; 2.254      ;
; 2.048 ; array_reg[2][3]   ; BaseRegister_r[3]         ; clk          ; clk         ; 0.000        ; 0.000      ; 2.269      ;
; 2.069 ; array_reg[3][19]  ; TimerCountRegister_r[19]  ; clk          ; clk         ; 0.000        ; 0.000      ; 2.290      ;
; 2.273 ; array_reg[2][0]   ; BaseRegister_r[0]         ; clk          ; clk         ; 0.000        ; 0.000      ; 2.494      ;
; 2.293 ; array_reg[1][31]  ; DataRegister_r[31]        ; clk          ; clk         ; 0.000        ; 0.000      ; 2.514      ;
; 2.325 ; array_reg[1][26]  ; DataRegister_r[26]        ; clk          ; clk         ; 0.000        ; 0.000      ; 2.546      ;
; 2.346 ; array_reg[3][13]  ; TimerCountRegister_r[13]  ; clk          ; clk         ; 0.000        ; 0.000      ; 2.567      ;
; 2.531 ; array_reg[0][4]   ; AccumulatorRegister_r[4]  ; clk          ; clk         ; 0.000        ; 0.000      ; 2.752      ;
; 2.710 ; array_reg[0][31]  ; AccumulatorRegister_r[31] ; clk          ; clk         ; 0.000        ; 0.000      ; 2.931      ;
; 2.716 ; array_reg[0][5]   ; AccumulatorRegister_r[5]  ; clk          ; clk         ; 0.000        ; 0.000      ; 2.937      ;
; 2.773 ; array_reg[3][21]  ; TimerCountRegister_r[21]  ; clk          ; clk         ; 0.000        ; 0.000      ; 2.994      ;
; 2.786 ; array_reg[0][27]  ; AccumulatorRegister_r[27] ; clk          ; clk         ; 0.000        ; 0.000      ; 3.007      ;
; 2.887 ; array_reg[0][0]   ; AccumulatorRegister_r[0]  ; clk          ; clk         ; 0.000        ; 0.000      ; 3.108      ;
; 2.914 ; array_reg[0][7]   ; AccumulatorRegister_r[7]  ; clk          ; clk         ; 0.000        ; 0.000      ; 3.135      ;
; 2.925 ; array_reg[0][24]  ; AccumulatorRegister_r[24] ; clk          ; clk         ; 0.000        ; 0.000      ; 3.146      ;
; 2.956 ; array_reg[1][29]  ; DataRegister_r[29]        ; clk          ; clk         ; 0.000        ; 0.000      ; 3.177      ;
; 2.958 ; array_reg[0][10]  ; AccumulatorRegister_r[10] ; clk          ; clk         ; 0.000        ; 0.000      ; 3.179      ;
; 3.014 ; array_reg[0][9]   ; AccumulatorRegister_r[9]  ; clk          ; clk         ; 0.000        ; 0.000      ; 3.235      ;
; 3.026 ; array_reg[0][1]   ; AccumulatorRegister_r[1]  ; clk          ; clk         ; 0.000        ; 0.000      ; 3.247      ;
; 3.174 ; array_reg[2][1]   ; BaseRegister_r[1]         ; clk          ; clk         ; 0.000        ; 0.000      ; 3.395      ;
; 3.216 ; array_reg[0][21]  ; AccumulatorRegister_r[21] ; clk          ; clk         ; 0.000        ; 0.000      ; 3.437      ;
; 3.403 ; array_reg[2][4]   ; BaseRegister_r[4]         ; clk          ; clk         ; 0.000        ; 0.000      ; 3.624      ;
; 4.090 ; array_reg[3][16]  ; TimerCountRegister_r[16]  ; clk          ; clk         ; 0.000        ; 0.000      ; 4.311      ;
; 4.562 ; array_reg[27][12] ; ReadData_r[12]            ; clk          ; clk         ; 0.000        ; 0.000      ; 4.783      ;
; 4.720 ; array_reg[15][29] ; ReadData_r[29]            ; clk          ; clk         ; 0.000        ; 0.000      ; 4.941      ;
; 4.802 ; array_reg[7][16]  ; ReadData_r[16]            ; clk          ; clk         ; 0.000        ; 0.000      ; 5.023      ;
; 4.847 ; array_reg[31][10] ; ReadData_r[10]            ; clk          ; clk         ; 0.000        ; 0.000      ; 5.068      ;
; 4.848 ; array_reg[31][23] ; ReadData_r[23]            ; clk          ; clk         ; 0.000        ; 0.000      ; 5.069      ;
; 4.854 ; array_reg[26][0]  ; ReadData_r[0]             ; clk          ; clk         ; 0.000        ; 0.000      ; 5.075      ;
; 4.928 ; array_reg[2][14]  ; ReadData_r[14]            ; clk          ; clk         ; 0.000        ; 0.000      ; 5.149      ;
; 4.992 ; array_reg[7][8]   ; ReadData_r[8]             ; clk          ; clk         ; 0.000        ; 0.000      ; 5.213      ;
; 5.080 ; array_reg[14][27] ; ReadData_r[27]            ; clk          ; clk         ; 0.000        ; 0.000      ; 5.301      ;
; 5.100 ; array_reg[31][12] ; ReadData_r[12]            ; clk          ; clk         ; 0.000        ; 0.000      ; 5.321      ;
; 5.125 ; array_reg[31][18] ; ReadData_r[18]            ; clk          ; clk         ; 0.000        ; 0.000      ; 5.346      ;
; 5.157 ; array_reg[22][24] ; ReadData_r[24]            ; clk          ; clk         ; 0.000        ; 0.000      ; 5.378      ;
; 5.215 ; array_reg[18][0]  ; ReadData_r[0]             ; clk          ; clk         ; 0.000        ; 0.000      ; 5.436      ;
; 5.224 ; array_reg[13][16] ; ReadData_r[16]            ; clk          ; clk         ; 0.000        ; 0.000      ; 5.445      ;
; 5.236 ; array_reg[28][22] ; ReadData_r[22]            ; clk          ; clk         ; 0.000        ; 0.000      ; 5.457      ;
; 5.397 ; array_reg[13][29] ; ReadData_r[29]            ; clk          ; clk         ; 0.000        ; 0.000      ; 5.618      ;
; 5.409 ; array_reg[15][8]  ; ReadData_r[8]             ; clk          ; clk         ; 0.000        ; 0.000      ; 5.630      ;
; 5.447 ; array_reg[21][17] ; ReadData_r[17]            ; clk          ; clk         ; 0.000        ; 0.000      ; 5.668      ;
; 5.549 ; array_reg[13][8]  ; ReadData_r[8]             ; clk          ; clk         ; 0.000        ; 0.000      ; 5.770      ;
; 5.586 ; array_reg[15][31] ; ReadData_r[31]            ; clk          ; clk         ; 0.000        ; 0.000      ; 5.807      ;
; 5.592 ; array_reg[22][12] ; ReadData_r[12]            ; clk          ; clk         ; 0.000        ; 0.000      ; 5.813      ;
; 5.606 ; array_reg[20][12] ; ReadData_r[12]            ; clk          ; clk         ; 0.000        ; 0.000      ; 5.827      ;
; 5.615 ; array_reg[14][29] ; ReadData_r[29]            ; clk          ; clk         ; 0.000        ; 0.000      ; 5.836      ;
; 5.618 ; array_reg[22][26] ; ReadData_r[26]            ; clk          ; clk         ; 0.000        ; 0.000      ; 5.839      ;
; 5.629 ; array_reg[29][17] ; ReadData_r[17]            ; clk          ; clk         ; 0.000        ; 0.000      ; 5.850      ;
; 5.640 ; array_reg[3][30]  ; ReadData_r[30]            ; clk          ; clk         ; 0.000        ; 0.000      ; 5.861      ;
; 5.681 ; array_reg[23][10] ; ReadData_r[10]            ; clk          ; clk         ; 0.000        ; 0.000      ; 5.902      ;
; 5.701 ; array_reg[22][18] ; ReadData_r[18]            ; clk          ; clk         ; 0.000        ; 0.000      ; 5.922      ;
; 5.735 ; array_reg[21][25] ; ReadData_r[25]            ; clk          ; clk         ; 0.000        ; 0.000      ; 5.956      ;
; 5.760 ; array_reg[30][22] ; ReadData_r[22]            ; clk          ; clk         ; 0.000        ; 0.000      ; 5.981      ;
; 5.762 ; array_reg[5][16]  ; ReadData_r[16]            ; clk          ; clk         ; 0.000        ; 0.000      ; 5.983      ;
; 5.773 ; array_reg[22][10] ; ReadData_r[10]            ; clk          ; clk         ; 0.000        ; 0.000      ; 5.994      ;
; 5.776 ; array_reg[22][0]  ; ReadData_r[0]             ; clk          ; clk         ; 0.000        ; 0.000      ; 5.997      ;
; 5.803 ; array_reg[25][22] ; ReadData_r[22]            ; clk          ; clk         ; 0.000        ; 0.000      ; 6.024      ;
+-------+-------------------+---------------------------+--------------+-------------+--------------+------------+------------+


+-------------------------------------------------------------------+
; Setup Transfers                                                   ;
+------------+----------+----------+----------+----------+----------+
; From Clock ; To Clock ; RR Paths ; FR Paths ; RF Paths ; FF Paths ;
+------------+----------+----------+----------+----------+----------+
; clk        ; clk      ; 1090     ; 0        ; 0        ; 0        ;
+------------+----------+----------+----------+----------+----------+
Entries labeled "false path" only account for clock-to-clock false paths and not path-based false paths. As a result, actual path counts may be lower than reported.


+-------------------------------------------------------------------+
; Hold Transfers                                                    ;
+------------+----------+----------+----------+----------+----------+
; From Clock ; To Clock ; RR Paths ; FR Paths ; RF Paths ; FF Paths ;
+------------+----------+----------+----------+----------+----------+
; clk        ; clk      ; 1090     ; 0        ; 0        ; 0        ;
+------------+----------+----------+----------+----------+----------+
Entries labeled "false path" only account for clock-to-clock false paths and not path-based false paths. As a result, actual path counts may be lower than reported.


---------------
; Report TCCS ;
---------------
No dedicated SERDES Transmitter circuitry present in device or used in design


---------------
; Report RSKM ;
---------------
No non-DPA dedicated SERDES Receiver circuitry present in device or used in design


+------------------------------------------------+
; Unconstrained Paths Summary                    ;
+---------------------------------+-------+------+
; Property                        ; Setup ; Hold ;
+---------------------------------+-------+------+
; Illegal Clocks                  ; 0     ; 0    ;
; Unconstrained Clocks            ; 0     ; 0    ;
; Unconstrained Input Ports       ; 45    ; 45   ;
; Unconstrained Input Port Paths  ; 8482  ; 8482 ;
; Unconstrained Output Ports      ; 98    ; 98   ;
; Unconstrained Output Port Paths ; 98    ; 98   ;
+---------------------------------+-------+------+


+-------------------------------------+
; Clock Status Summary                ;
+--------+-------+------+-------------+
; Target ; Clock ; Type ; Status      ;
+--------+-------+------+-------------+
; clk    ; clk   ; Base ; Constrained ;
+--------+-------+------+-------------+


+---------------------------------------------------------------------------------------------------------+
; Unconstrained Input Ports                                                                               ;
+------------------+--------------------------------------------------------------------------------------+
; Input Port       ; Comment                                                                              ;
+------------------+--------------------------------------------------------------------------------------+
; EnableRead       ; No input delay, min/max delays, false-path exceptions, or max skew assignments found ;
; EnableWrite      ; No input delay, min/max delays, false-path exceptions, or max skew assignments found ;
; ReadRegister[0]  ; No input delay, min/max delays, false-path exceptions, or max skew assignments found ;
; ReadRegister[1]  ; No input delay, min/max delays, false-path exceptions, or max skew assignments found ;
; ReadRegister[2]  ; No input delay, min/max delays, false-path exceptions, or max skew assignments found ;
; ReadRegister[3]  ; No input delay, min/max delays, false-path exceptions, or max skew assignments found ;
; ReadRegister[4]  ; No input delay, min/max delays, false-path exceptions, or max skew assignments found ;
; WriteData[0]     ; No input delay, min/max delays, false-path exceptions, or max skew assignments found ;
; WriteData[1]     ; No input delay, min/max delays, false-path exceptions, or max skew assignments found ;
; WriteData[2]     ; No input delay, min/max delays, false-path exceptions, or max skew assignments found ;
; WriteData[3]     ; No input delay, min/max delays, false-path exceptions, or max skew assignments found ;
; WriteData[4]     ; No input delay, min/max delays, false-path exceptions, or max skew assignments found ;
; WriteData[5]     ; No input delay, min/max delays, false-path exceptions, or max skew assignments found ;
; WriteData[6]     ; No input delay, min/max delays, false-path exceptions, or max skew assignments found ;
; WriteData[7]     ; No input delay, min/max delays, false-path exceptions, or max skew assignments found ;
; WriteData[8]     ; No input delay, min/max delays, false-path exceptions, or max skew assignments found ;
; WriteData[9]     ; No input delay, min/max delays, false-path exceptions, or max skew assignments found ;
; WriteData[10]    ; No input delay, min/max delays, false-path exceptions, or max skew assignments found ;
; WriteData[11]    ; No input delay, min/max delays, false-path exceptions, or max skew assignments found ;
; WriteData[12]    ; No input delay, min/max delays, false-path exceptions, or max skew assignments found ;
; WriteData[13]    ; No input delay, min/max delays, false-path exceptions, or max skew assignments found ;
; WriteData[14]    ; No input delay, min/max delays, false-path exceptions, or max skew assignments found ;
; WriteData[15]    ; No input delay, min/max delays, false-path exceptions, or max skew assignments found ;
; WriteData[16]    ; No input delay, min/max delays, false-path exceptions, or max skew assignments found ;
; WriteData[17]    ; No input delay, min/max delays, false-path exceptions, or max skew assignments found ;
; WriteData[18]    ; No input delay, min/max delays, false-path exceptions, or max skew assignments found ;
; WriteData[19]    ; No input delay, min/max delays, false-path exceptions, or max skew assignments found ;
; WriteData[20]    ; No input delay, min/max delays, false-path exceptions, or max skew assignments found ;
; WriteData[21]    ; No input delay, min/max delays, false-path exceptions, or max skew assignments found ;
; WriteData[22]    ; No input delay, min/max delays, false-path exceptions, or max skew assignments found ;
; WriteData[23]    ; No input delay, min/max delays, false-path exceptions, or max skew assignments found ;
; WriteData[24]    ; No input delay, min/max delays, false-path exceptions, or max skew assignments found ;
; WriteData[25]    ; No input delay, min/max delays, false-path exceptions, or max skew assignments found ;
; WriteData[26]    ; No input delay, min/max delays, false-path exceptions, or max skew assignments found ;
; WriteData[27]    ; No input delay, min/max delays, false-path exceptions, or max skew assignments found ;
; WriteData[28]    ; No input delay, min/max delays, false-path exceptions, or max skew assignments found ;
; WriteData[29]    ; No input delay, min/max delays, false-path exceptions, or max skew assignments found ;
; WriteData[30]    ; No input delay, min/max delays, false-path exceptions, or max skew assignments found ;
; WriteData[31]    ; No input delay, min/max delays, false-path exceptions, or max skew assignments found ;
; WriteRegister[0] ; No input delay, min/max delays, false-path exceptions, or max skew assignments found ;
; WriteRegister[1] ; No input delay, min/max delays, false-path exceptions, or max skew assignments found ;
; WriteRegister[2] ; No input delay, min/max delays, false-path exceptions, or max skew assignments found ;
; WriteRegister[3] ; No input delay, min/max delays, false-path exceptions, or max skew assignments found ;
; WriteRegister[4] ; No input delay, min/max delays, false-path exceptions, or max skew assignments found ;
; reset            ; No input delay, min/max delays, false-path exceptions, or max skew assignments found ;
+------------------+--------------------------------------------------------------------------------------+


+-----------------------------------------------------------------------------------------------------------------+
; Unconstrained Output Ports                                                                                      ;
+-------------------------+---------------------------------------------------------------------------------------+
; Output Port             ; Comment                                                                               ;
+-------------------------+---------------------------------------------------------------------------------------+
; AccumulatorRegister[0]  ; No output delay, min/max delays, false-path exceptions, or max skew assignments found ;
; AccumulatorRegister[1]  ; No output delay, min/max delays, false-path exceptions, or max skew assignments found ;
; AccumulatorRegister[2]  ; No output delay, min/max delays, false-path exceptions, or max skew assignments found ;
; AccumulatorRegister[3]  ; No output delay, min/max delays, false-path exceptions, or max skew assignments found ;
; AccumulatorRegister[4]  ; No output delay, min/max delays, false-path exceptions, or max skew assignments found ;
; AccumulatorRegister[5]  ; No output delay, min/max delays, false-path exceptions, or max skew assignments found ;
; AccumulatorRegister[6]  ; No output delay, min/max delays, false-path exceptions, or max skew assignments found ;
; AccumulatorRegister[7]  ; No output delay, min/max delays, false-path exceptions, or max skew assignments found ;
; AccumulatorRegister[8]  ; No output delay, min/max delays, false-path exceptions, or max skew assignments found ;
; AccumulatorRegister[9]  ; No output delay, min/max delays, false-path exceptions, or max skew assignments found ;
; AccumulatorRegister[10] ; No output delay, min/max delays, false-path exceptions, or max skew assignments found ;
; AccumulatorRegister[11] ; No output delay, min/max delays, false-path exceptions, or max skew assignments found ;
; AccumulatorRegister[12] ; No output delay, min/max delays, false-path exceptions, or max skew assignments found ;
; AccumulatorRegister[13] ; No output delay, min/max delays, false-path exceptions, or max skew assignments found ;
; AccumulatorRegister[14] ; No output delay, min/max delays, false-path exceptions, or max skew assignments found ;
; AccumulatorRegister[15] ; No output delay, min/max delays, false-path exceptions, or max skew assignments found ;
; AccumulatorRegister[16] ; No output delay, min/max delays, false-path exceptions, or max skew assignments found ;
; AccumulatorRegister[17] ; No output delay, min/max delays, false-path exceptions, or max skew assignments found ;
; AccumulatorRegister[18] ; No output delay, min/max delays, false-path exceptions, or max skew assignments found ;
; AccumulatorRegister[19] ; No output delay, min/max delays, false-path exceptions, or max skew assignments found ;
; AccumulatorRegister[20] ; No output delay, min/max delays, false-path exceptions, or max skew assignments found ;
; AccumulatorRegister[21] ; No output delay, min/max delays, false-path exceptions, or max skew assignments found ;
; AccumulatorRegister[22] ; No output delay, min/max delays, false-path exceptions, or max skew assignments found ;
; AccumulatorRegister[23] ; No output delay, min/max delays, false-path exceptions, or max skew assignments found ;
; AccumulatorRegister[24] ; No output delay, min/max delays, false-path exceptions, or max skew assignments found ;
; AccumulatorRegister[25] ; No output delay, min/max delays, false-path exceptions, or max skew assignments found ;
; AccumulatorRegister[26] ; No output delay, min/max delays, false-path exceptions, or max skew assignments found ;
; AccumulatorRegister[27] ; No output delay, min/max delays, false-path exceptions, or max skew assignments found ;
; AccumulatorRegister[28] ; No output delay, min/max delays, false-path exceptions, or max skew assignments found ;
; AccumulatorRegister[29] ; No output delay, min/max delays, false-path exceptions, or max skew assignments found ;
; AccumulatorRegister[30] ; No output delay, min/max delays, false-path exceptions, or max skew assignments found ;
; AccumulatorRegister[31] ; No output delay, min/max delays, false-path exceptions, or max skew assignments found ;
; BaseRegister[0]         ; No output delay, min/max delays, false-path exceptions, or max skew assignments found ;
; BaseRegister[1]         ; No output delay, min/max delays, false-path exceptions, or max skew assignments found ;
; BaseRegister[2]         ; No output delay, min/max delays, false-path exceptions, or max skew assignments found ;
; BaseRegister[3]         ; No output delay, min/max delays, false-path exceptions, or max skew assignments found ;
; BaseRegister[4]         ; No output delay, min/max delays, false-path exceptions, or max skew assignments found ;
; DataRegister[16]        ; No output delay, min/max delays, false-path exceptions, or max skew assignments found ;
; DataRegister[17]        ; No output delay, min/max delays, false-path exceptions, or max skew assignments found ;
; DataRegister[18]        ; No output delay, min/max delays, false-path exceptions, or max skew assignments found ;
; DataRegister[19]        ; No output delay, min/max delays, false-path exceptions, or max skew assignments found ;
; DataRegister[20]        ; No output delay, min/max delays, false-path exceptions, or max skew assignments found ;
; DataRegister[21]        ; No output delay, min/max delays, false-path exceptions, or max skew assignments found ;
; DataRegister[22]        ; No output delay, min/max delays, false-path exceptions, or max skew assignments found ;
; DataRegister[23]        ; No output delay, min/max delays, false-path exceptions, or max skew assignments found ;
; DataRegister[24]        ; No output delay, min/max delays, false-path exceptions, or max skew assignments found ;
; DataRegister[25]        ; No output delay, min/max delays, false-path exceptions, or max skew assignments found ;
; DataRegister[26]        ; No output delay, min/max delays, false-path exceptions, or max skew assignments found ;
; DataRegister[27]        ; No output delay, min/max delays, false-path exceptions, or max skew assignments found ;
; DataRegister[28]        ; No output delay, min/max delays, false-path exceptions, or max skew assignments found ;
; DataRegister[29]        ; No output delay, min/max delays, false-path exceptions, or max skew assignments found ;
; DataRegister[30]        ; No output delay, min/max delays, false-path exceptions, or max skew assignments found ;
; DataRegister[31]        ; No output delay, min/max delays, false-path exceptions, or max skew assignments found ;
; ReadData[0]             ; No output delay, min/max delays, false-path exceptions, or max skew assignments found ;
; ReadData[1]             ; No output delay, min/max delays, false-path exceptions, or max skew assignments found ;
; ReadData[2]             ; No output delay, min/max delays, false-path exceptions, or max skew assignments found ;
; ReadData[3]             ; No output delay, min/max delays, false-path exceptions, or max skew assignments found ;
; ReadData[4]             ; No output delay, min/max delays, false-path exceptions, or max skew assignments found ;
; ReadData[5]             ; No output delay, min/max delays, false-path exceptions, or max skew assignments found ;
; ReadData[6]             ; No output delay, min/max delays, false-path exceptions, or max skew assignments found ;
; ReadData[7]             ; No output delay, min/max delays, false-path exceptions, or max skew assignments found ;
; ReadData[8]             ; No output delay, min/max delays, false-path exceptions, or max skew assignments found ;
; ReadData[9]             ; No output delay, min/max delays, false-path exceptions, or max skew assignments found ;
; ReadData[10]            ; No output delay, min/max delays, false-path exceptions, or max skew assignments found ;
; ReadData[11]            ; No output delay, min/max delays, false-path exceptions, or max skew assignments found ;
; ReadData[12]            ; No output delay, min/max delays, false-path exceptions, or max skew assignments found ;
; ReadData[13]            ; No output delay, min/max delays, false-path exceptions, or max skew assignments found ;
; ReadData[14]            ; No output delay, min/max delays, false-path exceptions, or max skew assignments found ;
; ReadData[15]            ; No output delay, min/max delays, false-path exceptions, or max skew assignments found ;
; ReadData[16]            ; No output delay, min/max delays, false-path exceptions, or max skew assignments found ;
; ReadData[17]            ; No output delay, min/max delays, false-path exceptions, or max skew assignments found ;
; ReadData[18]            ; No output delay, min/max delays, false-path exceptions, or max skew assignments found ;
; ReadData[19]            ; No output delay, min/max delays, false-path exceptions, or max skew assignments found ;
; ReadData[20]            ; No output delay, min/max delays, false-path exceptions, or max skew assignments found ;
; ReadData[21]            ; No output delay, min/max delays, false-path exceptions, or max skew assignments found ;
; ReadData[22]            ; No output delay, min/max delays, false-path exceptions, or max skew assignments found ;
; ReadData[23]            ; No output delay, min/max delays, false-path exceptions, or max skew assignments found ;
; ReadData[24]            ; No output delay, min/max delays, false-path exceptions, or max skew assignments found ;
; ReadData[25]            ; No output delay, min/max delays, false-path exceptions, or max skew assignments found ;
; ReadData[26]            ; No output delay, min/max delays, false-path exceptions, or max skew assignments found ;
; ReadData[27]            ; No output delay, min/max delays, false-path exceptions, or max skew assignments found ;
; ReadData[28]            ; No output delay, min/max delays, false-path exceptions, or max skew assignments found ;
; ReadData[29]            ; No output delay, min/max delays, false-path exceptions, or max skew assignments found ;
; ReadData[30]            ; No output delay, min/max delays, false-path exceptions, or max skew assignments found ;
; ReadData[31]            ; No output delay, min/max delays, false-path exceptions, or max skew assignments found ;
; TimerCountRegister[13]  ; No output delay, min/max delays, false-path exceptions, or max skew assignments found ;
; TimerCountRegister[14]  ; No output delay, min/max delays, false-path exceptions, or max skew assignments found ;
; TimerCountRegister[15]  ; No output delay, min/max delays, false-path exceptions, or max skew assignments found ;
; TimerCountRegister[16]  ; No output delay, min/max delays, false-path exceptions, or max skew assignments found ;
; TimerCountRegister[17]  ; No output delay, min/max delays, false-path exceptions, or max skew assignments found ;
; TimerCountRegister[18]  ; No output delay, min/max delays, false-path exceptions, or max skew assignments found ;
; TimerCountRegister[19]  ; No output delay, min/max delays, false-path exceptions, or max skew assignments found ;
; TimerCountRegister[20]  ; No output delay, min/max delays, false-path exceptions, or max skew assignments found ;
; TimerCountRegister[21]  ; No output delay, min/max delays, false-path exceptions, or max skew assignments found ;
; TimerCountRegister[22]  ; No output delay, min/max delays, false-path exceptions, or max skew assignments found ;
; TimerCountRegister[23]  ; No output delay, min/max delays, false-path exceptions, or max skew assignments found ;
; TimerCountRegister[24]  ; No output delay, min/max delays, false-path exceptions, or max skew assignments found ;
; TimerCountRegister[25]  ; No output delay, min/max delays, false-path exceptions, or max skew assignments found ;
+-------------------------+---------------------------------------------------------------------------------------+


+---------------------------------------------------------------------------------------------------------+
; Unconstrained Input Ports                                                                               ;
+------------------+--------------------------------------------------------------------------------------+
; Input Port       ; Comment                                                                              ;
+------------------+--------------------------------------------------------------------------------------+
; EnableRead       ; No input delay, min/max delays, false-path exceptions, or max skew assignments found ;
; EnableWrite      ; No input delay, min/max delays, false-path exceptions, or max skew assignments found ;
; ReadRegister[0]  ; No input delay, min/max delays, false-path exceptions, or max skew assignments found ;
; ReadRegister[1]  ; No input delay, min/max delays, false-path exceptions, or max skew assignments found ;
; ReadRegister[2]  ; No input delay, min/max delays, false-path exceptions, or max skew assignments found ;
; ReadRegister[3]  ; No input delay, min/max delays, false-path exceptions, or max skew assignments found ;
; ReadRegister[4]  ; No input delay, min/max delays, false-path exceptions, or max skew assignments found ;
; WriteData[0]     ; No input delay, min/max delays, false-path exceptions, or max skew assignments found ;
; WriteData[1]     ; No input delay, min/max delays, false-path exceptions, or max skew assignments found ;
; WriteData[2]     ; No input delay, min/max delays, false-path exceptions, or max skew assignments found ;
; WriteData[3]     ; No input delay, min/max delays, false-path exceptions, or max skew assignments found ;
; WriteData[4]     ; No input delay, min/max delays, false-path exceptions, or max skew assignments found ;
; WriteData[5]     ; No input delay, min/max delays, false-path exceptions, or max skew assignments found ;
; WriteData[6]     ; No input delay, min/max delays, false-path exceptions, or max skew assignments found ;
; WriteData[7]     ; No input delay, min/max delays, false-path exceptions, or max skew assignments found ;
; WriteData[8]     ; No input delay, min/max delays, false-path exceptions, or max skew assignments found ;
; WriteData[9]     ; No input delay, min/max delays, false-path exceptions, or max skew assignments found ;
; WriteData[10]    ; No input delay, min/max delays, false-path exceptions, or max skew assignments found ;
; WriteData[11]    ; No input delay, min/max delays, false-path exceptions, or max skew assignments found ;
; WriteData[12]    ; No input delay, min/max delays, false-path exceptions, or max skew assignments found ;
; WriteData[13]    ; No input delay, min/max delays, false-path exceptions, or max skew assignments found ;
; WriteData[14]    ; No input delay, min/max delays, false-path exceptions, or max skew assignments found ;
; WriteData[15]    ; No input delay, min/max delays, false-path exceptions, or max skew assignments found ;
; WriteData[16]    ; No input delay, min/max delays, false-path exceptions, or max skew assignments found ;
; WriteData[17]    ; No input delay, min/max delays, false-path exceptions, or max skew assignments found ;
; WriteData[18]    ; No input delay, min/max delays, false-path exceptions, or max skew assignments found ;
; WriteData[19]    ; No input delay, min/max delays, false-path exceptions, or max skew assignments found ;
; WriteData[20]    ; No input delay, min/max delays, false-path exceptions, or max skew assignments found ;
; WriteData[21]    ; No input delay, min/max delays, false-path exceptions, or max skew assignments found ;
; WriteData[22]    ; No input delay, min/max delays, false-path exceptions, or max skew assignments found ;
; WriteData[23]    ; No input delay, min/max delays, false-path exceptions, or max skew assignments found ;
; WriteData[24]    ; No input delay, min/max delays, false-path exceptions, or max skew assignments found ;
; WriteData[25]    ; No input delay, min/max delays, false-path exceptions, or max skew assignments found ;
; WriteData[26]    ; No input delay, min/max delays, false-path exceptions, or max skew assignments found ;
; WriteData[27]    ; No input delay, min/max delays, false-path exceptions, or max skew assignments found ;
; WriteData[28]    ; No input delay, min/max delays, false-path exceptions, or max skew assignments found ;
; WriteData[29]    ; No input delay, min/max delays, false-path exceptions, or max skew assignments found ;
; WriteData[30]    ; No input delay, min/max delays, false-path exceptions, or max skew assignments found ;
; WriteData[31]    ; No input delay, min/max delays, false-path exceptions, or max skew assignments found ;
; WriteRegister[0] ; No input delay, min/max delays, false-path exceptions, or max skew assignments found ;
; WriteRegister[1] ; No input delay, min/max delays, false-path exceptions, or max skew assignments found ;
; WriteRegister[2] ; No input delay, min/max delays, false-path exceptions, or max skew assignments found ;
; WriteRegister[3] ; No input delay, min/max delays, false-path exceptions, or max skew assignments found ;
; WriteRegister[4] ; No input delay, min/max delays, false-path exceptions, or max skew assignments found ;
; reset            ; No input delay, min/max delays, false-path exceptions, or max skew assignments found ;
+------------------+--------------------------------------------------------------------------------------+


+-----------------------------------------------------------------------------------------------------------------+
; Unconstrained Output Ports                                                                                      ;
+-------------------------+---------------------------------------------------------------------------------------+
; Output Port             ; Comment                                                                               ;
+-------------------------+---------------------------------------------------------------------------------------+
; AccumulatorRegister[0]  ; No output delay, min/max delays, false-path exceptions, or max skew assignments found ;
; AccumulatorRegister[1]  ; No output delay, min/max delays, false-path exceptions, or max skew assignments found ;
; AccumulatorRegister[2]  ; No output delay, min/max delays, false-path exceptions, or max skew assignments found ;
; AccumulatorRegister[3]  ; No output delay, min/max delays, false-path exceptions, or max skew assignments found ;
; AccumulatorRegister[4]  ; No output delay, min/max delays, false-path exceptions, or max skew assignments found ;
; AccumulatorRegister[5]  ; No output delay, min/max delays, false-path exceptions, or max skew assignments found ;
; AccumulatorRegister[6]  ; No output delay, min/max delays, false-path exceptions, or max skew assignments found ;
; AccumulatorRegister[7]  ; No output delay, min/max delays, false-path exceptions, or max skew assignments found ;
; AccumulatorRegister[8]  ; No output delay, min/max delays, false-path exceptions, or max skew assignments found ;
; AccumulatorRegister[9]  ; No output delay, min/max delays, false-path exceptions, or max skew assignments found ;
; AccumulatorRegister[10] ; No output delay, min/max delays, false-path exceptions, or max skew assignments found ;
; AccumulatorRegister[11] ; No output delay, min/max delays, false-path exceptions, or max skew assignments found ;
; AccumulatorRegister[12] ; No output delay, min/max delays, false-path exceptions, or max skew assignments found ;
; AccumulatorRegister[13] ; No output delay, min/max delays, false-path exceptions, or max skew assignments found ;
; AccumulatorRegister[14] ; No output delay, min/max delays, false-path exceptions, or max skew assignments found ;
; AccumulatorRegister[15] ; No output delay, min/max delays, false-path exceptions, or max skew assignments found ;
; AccumulatorRegister[16] ; No output delay, min/max delays, false-path exceptions, or max skew assignments found ;
; AccumulatorRegister[17] ; No output delay, min/max delays, false-path exceptions, or max skew assignments found ;
; AccumulatorRegister[18] ; No output delay, min/max delays, false-path exceptions, or max skew assignments found ;
; AccumulatorRegister[19] ; No output delay, min/max delays, false-path exceptions, or max skew assignments found ;
; AccumulatorRegister[20] ; No output delay, min/max delays, false-path exceptions, or max skew assignments found ;
; AccumulatorRegister[21] ; No output delay, min/max delays, false-path exceptions, or max skew assignments found ;
; AccumulatorRegister[22] ; No output delay, min/max delays, false-path exceptions, or max skew assignments found ;
; AccumulatorRegister[23] ; No output delay, min/max delays, false-path exceptions, or max skew assignments found ;
; AccumulatorRegister[24] ; No output delay, min/max delays, false-path exceptions, or max skew assignments found ;
; AccumulatorRegister[25] ; No output delay, min/max delays, false-path exceptions, or max skew assignments found ;
; AccumulatorRegister[26] ; No output delay, min/max delays, false-path exceptions, or max skew assignments found ;
; AccumulatorRegister[27] ; No output delay, min/max delays, false-path exceptions, or max skew assignments found ;
; AccumulatorRegister[28] ; No output delay, min/max delays, false-path exceptions, or max skew assignments found ;
; AccumulatorRegister[29] ; No output delay, min/max delays, false-path exceptions, or max skew assignments found ;
; AccumulatorRegister[30] ; No output delay, min/max delays, false-path exceptions, or max skew assignments found ;
; AccumulatorRegister[31] ; No output delay, min/max delays, false-path exceptions, or max skew assignments found ;
; BaseRegister[0]         ; No output delay, min/max delays, false-path exceptions, or max skew assignments found ;
; BaseRegister[1]         ; No output delay, min/max delays, false-path exceptions, or max skew assignments found ;
; BaseRegister[2]         ; No output delay, min/max delays, false-path exceptions, or max skew assignments found ;
; BaseRegister[3]         ; No output delay, min/max delays, false-path exceptions, or max skew assignments found ;
; BaseRegister[4]         ; No output delay, min/max delays, false-path exceptions, or max skew assignments found ;
; DataRegister[16]        ; No output delay, min/max delays, false-path exceptions, or max skew assignments found ;
; DataRegister[17]        ; No output delay, min/max delays, false-path exceptions, or max skew assignments found ;
; DataRegister[18]        ; No output delay, min/max delays, false-path exceptions, or max skew assignments found ;
; DataRegister[19]        ; No output delay, min/max delays, false-path exceptions, or max skew assignments found ;
; DataRegister[20]        ; No output delay, min/max delays, false-path exceptions, or max skew assignments found ;
; DataRegister[21]        ; No output delay, min/max delays, false-path exceptions, or max skew assignments found ;
; DataRegister[22]        ; No output delay, min/max delays, false-path exceptions, or max skew assignments found ;
; DataRegister[23]        ; No output delay, min/max delays, false-path exceptions, or max skew assignments found ;
; DataRegister[24]        ; No output delay, min/max delays, false-path exceptions, or max skew assignments found ;
; DataRegister[25]        ; No output delay, min/max delays, false-path exceptions, or max skew assignments found ;
; DataRegister[26]        ; No output delay, min/max delays, false-path exceptions, or max skew assignments found ;
; DataRegister[27]        ; No output delay, min/max delays, false-path exceptions, or max skew assignments found ;
; DataRegister[28]        ; No output delay, min/max delays, false-path exceptions, or max skew assignments found ;
; DataRegister[29]        ; No output delay, min/max delays, false-path exceptions, or max skew assignments found ;
; DataRegister[30]        ; No output delay, min/max delays, false-path exceptions, or max skew assignments found ;
; DataRegister[31]        ; No output delay, min/max delays, false-path exceptions, or max skew assignments found ;
; ReadData[0]             ; No output delay, min/max delays, false-path exceptions, or max skew assignments found ;
; ReadData[1]             ; No output delay, min/max delays, false-path exceptions, or max skew assignments found ;
; ReadData[2]             ; No output delay, min/max delays, false-path exceptions, or max skew assignments found ;
; ReadData[3]             ; No output delay, min/max delays, false-path exceptions, or max skew assignments found ;
; ReadData[4]             ; No output delay, min/max delays, false-path exceptions, or max skew assignments found ;
; ReadData[5]             ; No output delay, min/max delays, false-path exceptions, or max skew assignments found ;
; ReadData[6]             ; No output delay, min/max delays, false-path exceptions, or max skew assignments found ;
; ReadData[7]             ; No output delay, min/max delays, false-path exceptions, or max skew assignments found ;
; ReadData[8]             ; No output delay, min/max delays, false-path exceptions, or max skew assignments found ;
; ReadData[9]             ; No output delay, min/max delays, false-path exceptions, or max skew assignments found ;
; ReadData[10]            ; No output delay, min/max delays, false-path exceptions, or max skew assignments found ;
; ReadData[11]            ; No output delay, min/max delays, false-path exceptions, or max skew assignments found ;
; ReadData[12]            ; No output delay, min/max delays, false-path exceptions, or max skew assignments found ;
; ReadData[13]            ; No output delay, min/max delays, false-path exceptions, or max skew assignments found ;
; ReadData[14]            ; No output delay, min/max delays, false-path exceptions, or max skew assignments found ;
; ReadData[15]            ; No output delay, min/max delays, false-path exceptions, or max skew assignments found ;
; ReadData[16]            ; No output delay, min/max delays, false-path exceptions, or max skew assignments found ;
; ReadData[17]            ; No output delay, min/max delays, false-path exceptions, or max skew assignments found ;
; ReadData[18]            ; No output delay, min/max delays, false-path exceptions, or max skew assignments found ;
; ReadData[19]            ; No output delay, min/max delays, false-path exceptions, or max skew assignments found ;
; ReadData[20]            ; No output delay, min/max delays, false-path exceptions, or max skew assignments found ;
; ReadData[21]            ; No output delay, min/max delays, false-path exceptions, or max skew assignments found ;
; ReadData[22]            ; No output delay, min/max delays, false-path exceptions, or max skew assignments found ;
; ReadData[23]            ; No output delay, min/max delays, false-path exceptions, or max skew assignments found ;
; ReadData[24]            ; No output delay, min/max delays, false-path exceptions, or max skew assignments found ;
; ReadData[25]            ; No output delay, min/max delays, false-path exceptions, or max skew assignments found ;
; ReadData[26]            ; No output delay, min/max delays, false-path exceptions, or max skew assignments found ;
; ReadData[27]            ; No output delay, min/max delays, false-path exceptions, or max skew assignments found ;
; ReadData[28]            ; No output delay, min/max delays, false-path exceptions, or max skew assignments found ;
; ReadData[29]            ; No output delay, min/max delays, false-path exceptions, or max skew assignments found ;
; ReadData[30]            ; No output delay, min/max delays, false-path exceptions, or max skew assignments found ;
; ReadData[31]            ; No output delay, min/max delays, false-path exceptions, or max skew assignments found ;
; TimerCountRegister[13]  ; No output delay, min/max delays, false-path exceptions, or max skew assignments found ;
; TimerCountRegister[14]  ; No output delay, min/max delays, false-path exceptions, or max skew assignments found ;
; TimerCountRegister[15]  ; No output delay, min/max delays, false-path exceptions, or max skew assignments found ;
; TimerCountRegister[16]  ; No output delay, min/max delays, false-path exceptions, or max skew assignments found ;
; TimerCountRegister[17]  ; No output delay, min/max delays, false-path exceptions, or max skew assignments found ;
; TimerCountRegister[18]  ; No output delay, min/max delays, false-path exceptions, or max skew assignments found ;
; TimerCountRegister[19]  ; No output delay, min/max delays, false-path exceptions, or max skew assignments found ;
; TimerCountRegister[20]  ; No output delay, min/max delays, false-path exceptions, or max skew assignments found ;
; TimerCountRegister[21]  ; No output delay, min/max delays, false-path exceptions, or max skew assignments found ;
; TimerCountRegister[22]  ; No output delay, min/max delays, false-path exceptions, or max skew assignments found ;
; TimerCountRegister[23]  ; No output delay, min/max delays, false-path exceptions, or max skew assignments found ;
; TimerCountRegister[24]  ; No output delay, min/max delays, false-path exceptions, or max skew assignments found ;
; TimerCountRegister[25]  ; No output delay, min/max delays, false-path exceptions, or max skew assignments found ;
+-------------------------+---------------------------------------------------------------------------------------+


+--------------------------+
; Timing Analyzer Messages ;
+--------------------------+
Info: *******************************************************************
Info: Running Quartus Prime Timing Analyzer
    Info: Version 22.1std.0 Build 915 10/25/2022 SC Lite Edition
    Info: Processing started: Sat Dec  9 16:33:32 2023
Info: Command: quartus_sta RegisterFile -c RegisterFile
Info: qsta_default_script.tcl version: #1
Info (20030): Parallel compilation is enabled and will use 12 of the 12 processors detected
Info (21077): Low junction temperature is 0 degrees C
Info (21077): High junction temperature is 85 degrees C
Info (334003): Started post-fitting delay annotation
Info (334004): Delay annotation completed successfully
Info (332104): Reading SDC File: 'RegisterFile.out.sdc'
Info: Found TIMING_ANALYZER_REPORT_SCRIPT_INCLUDE_DEFAULT_ANALYSIS = ON
Info: Can't run Report Timing Closure Recommendations. The current device family is not supported.
Info (332146): Worst-case setup slack is 10.236
    Info (332119):     Slack       End Point TNS Clock 
    Info (332119): ========= =================== =====================
    Info (332119):    10.236               0.000 clk 
Info (332146): Worst-case hold slack is 1.640
    Info (332119):     Slack       End Point TNS Clock 
    Info (332119): ========= =================== =====================
    Info (332119):     1.640               0.000 clk 
Info (332140): No Recovery paths to report
Info (332140): No Removal paths to report
Info (332146): Worst-case minimum pulse width slack is 12.234
    Info (332119):     Slack       End Point TNS Clock 
    Info (332119): ========= =================== =====================
    Info (332119):    12.234               0.000 clk 
Info (332001): The selected device family is not supported by the report_metastability command.
Info (332102): Design is not fully constrained for setup requirements
Info (332102): Design is not fully constrained for hold requirements
Info: Quartus Prime Timing Analyzer was successful. 0 errors, 0 warnings
    Info: Peak virtual memory: 4692 megabytes
    Info: Processing ended: Sat Dec  9 16:33:33 2023
    Info: Elapsed time: 00:00:01
    Info: Total CPU time (on all processors): 00:00:01


